// Jest Snapshot v1, https://goo.gl/fbAQLP

exports[`Container component should render correctly 1`] = `
<div
  className="sc-dlfnbm kMqpmM"
/>
`;
