// Jest Snapshot v1, https://goo.gl/fbAQLP

exports[`Column component should render correctly with some props 1`] = `
<div
  className="sc-bdfBwQ iWBFiY"
/>
`;

exports[`Column component should render correctly without props 1`] = `
<div
  className="sc-bdfBwQ iWBFiY"
/>
`;
