// Jest Snapshot v1, https://goo.gl/fbAQLP

exports[`ResponsiveIframeWrapper component should render correctly 1`] = `
<div
  className="sc-bdfBwQ kLFcVt"
/>
`;
