// Jest Snapshot v1, https://goo.gl/fbAQLP

exports[`GlobalStyles component should render correctly without props 1`] = `null`;
