// Jest Snapshot v1, https://goo.gl/fbAQLP

exports[`Navigation component should render correctly with direction prop 1`] = `
<ul
  className="sc-bdfBwQ eCirka"
  direction="row"
/>
`;

exports[`Navigation component should render correctly without props 1`] = `
<ul
  className="sc-bdfBwQ ciSkcC"
  direction="column"
/>
`;
